Git Tutorial

To clone a repository:
$ git clone https://github.com/nicocra/newGitTest.git 
    (https clone url of the repository)

$ git status
Show us the difference between our repository and the one in the "cloud"

Add Changes:
$ git add <file> 
    (file name added)
$ git add .
    (adds everything in the directory)
$ git add -A
    (adds all)        

EG:
    $ git add index.html     


EG:
    MacBook-Air-de-123Seguro:newGitTest 123seguro$ git status
    On branch master
    Your branch is up to date with 'origin/master'.

    Untracked files:
      (use "git add <file>..." to include in what will be committed)

        GitTutorial.txt
        index.html

    nothing added to commit but untracked files present (use "git add" to track)
    MacBook-Air-de-123Seguro:newGitTest 123seguro$ git add GitTutorial.txt 
    MacBook-Air-de-123Seguro:newGitTest 123seguro$ git add index.html 
    MacBook-Air-de-123Seguro:newGitTest 123seguro$ git status
    On branch master
    Your branch is up to date with 'origin/master'.

    Changes to be committed:
      (use "git reset HEAD <file>..." to unstage)

        new file:   GitTutorial.txt
        new file:   index.html



To commit (still on my machine):
$ git commit -m "<message>"
    (message that i want to add with the commit) 

EG:
    MacBook-Air-de-123Seguro:newGitTest 123seguro$ git commit -m "added index.html and GitTutorial.txt"
    [master 920dc1d] added index.html and GitTutorial.txt
     2 files changed, 54 insertions(+)
     create mode 100644 GitTutorial.txt
     create mode 100644 index.html


To push to the "cloud":
$ git push

EG:
    MacBook-Air-de-123Seguro:newGitTest 123seguro$ git push
    Counting objects: 4, done.
    Delta compression using up to 4 threads.
    Compressing objects: 100% (4/4), done.
    Writing objects: 100% (4/4), 862 bytes | 862.00 KiB/s, done.
    Total 4 (delta 0), reused 0 (delta 0)
    To https://github.com/nicocra/newGitTest.git
       a1fd2e6..920dc1d  master -> master

To pull from the "cloud":
$ git pull

EG:
    MacBook-Air-de-123Seguro:newGitTest 123seguro$ git pull
    remote: Enumerating objects: 5, done.
    remote: Counting objects: 100% (5/5), done.
    remote: Compressing objects: 100% (2/2), done.
    remote: Total 3 (delta 1), reused 0 (delta 0), pack-reused 0
    Unpacking objects: 100% (3/3), done.
    From https://github.com/nicocra/newGitTest
       48970d5..b3e2986  master     -> origin/master
    Updating 48970d5..b3e2986
    Fast-forward
     README.md | 5 ++++-
     1 file changed, 4 insertions(+), 1 deletion(-)

* if you use "git commit" with no comment, you end up in a weird screen.
To exit:
'esc'(key) :wq



To see branches:
$ git branch

To create new branch coping the actual branch you are on:
$ git branch <branch-name>
    (name of the branch you create)

EG:
    MacBook-Air-de-123Seguro:newGitTest 123seguro$ git branch
    * master
    MacBook-Air-de-123Seguro:newGitTest 123seguro$ git branch feature1
    MacBook-Air-de-123Seguro:newGitTest 123seguro$ git branch
      feature1
    * master


To switch to a different branch:
$ git checkout <branch-name>

EG:
    MacBook-Air-de-123Seguro:newGitTest 123seguro$ git checkout feature1
    M   GitTutorial.txt
    Switched to branch 'feature1'
    MacBook-Air-de-123Seguro:newGitTest 123seguro$ git branch
    * feature1
      master


To merge (add the changes you made on your branch to a different one):
$ git merge <branch-name>
    (branch you want your current one to merge into)



