Git Tutorial

To clone a repository:
$ git clone https://github.com/nicocra/newGitTest.git 
    (https clone url of the repository)

$ git status
Show us the difference between our repository and the one in the "cloud"

Add Changes:
$ git add <file> 
    (file name added)

EG:
    $ git add index.html     


EG:
    MacBook-Air-de-123Seguro:newGitTest 123seguro$ git status
    On branch master
    Your branch is up to date with 'origin/master'.

    Untracked files:
      (use "git add <file>..." to include in what will be committed)

        GitTutorial.txt
        index.html

    nothing added to commit but untracked files present (use "git add" to track)
    MacBook-Air-de-123Seguro:newGitTest 123seguro$ git add GitTutorial.txt 
    MacBook-Air-de-123Seguro:newGitTest 123seguro$ git add index.html 
    MacBook-Air-de-123Seguro:newGitTest 123seguro$ git status
    On branch master
    Your branch is up to date with 'origin/master'.

    Changes to be committed:
      (use "git reset HEAD <file>..." to unstage)

        new file:   GitTutorial.txt
        new file:   index.html



To commit (still on my machine):
$ git commit -m "<message>"
    (message that i want to add with the commit) 

EG:
    MacBook-Air-de-123Seguro:newGitTest 123seguro$ git commit -m "added index.html and GitTutorial.txt"
    [master 920dc1d] added index.html and GitTutorial.txt
     2 files changed, 54 insertions(+)
     create mode 100644 GitTutorial.txt
     create mode 100644 index.html


To push to the "cloud":
$ git push

EG:
    MacBook-Air-de-123Seguro:newGitTest 123seguro$ git push
    Counting objects: 4, done.
    Delta compression using up to 4 threads.
    Compressing objects: 100% (4/4), done.
    Writing objects: 100% (4/4), 862 bytes | 862.00 KiB/s, done.
    Total 4 (delta 0), reused 0 (delta 0)
    To https://github.com/nicocra/newGitTest.git
       a1fd2e6..920dc1d  master -> master




