Git Tutorial

To clone a repository:
$ git clone https://github.com/nicocra/newGitTest.git 
    (https clone url of the repository)

$ git status
Show us the difference between our repository and the one in the "cloud"

Add Changes:
$ git add <file> 
    (file name added)
eg:
    $ git add index.html     


EG:
    MacBook-Air-de-123Seguro:newGitTest 123seguro$ git status
    On branch master
    Your branch is up to date with 'origin/master'.

    Untracked files:
      (use "git add <file>..." to include in what will be committed)

        GitTutorial.txt
        index.html

    nothing added to commit but untracked files present (use "git add" to track)
    MacBook-Air-de-123Seguro:newGitTest 123seguro$ git add GitTutorial.txt 
    MacBook-Air-de-123Seguro:newGitTest 123seguro$ git add index.html 
    MacBook-Air-de-123Seguro:newGitTest 123seguro$ git status
    On branch master
    Your branch is up to date with 'origin/master'.

    Changes to be committed:
      (use "git reset HEAD <file>..." to unstage)

        new file:   GitTutorial.txt
        new file:   index.html

    MacBook-Air-de-123Seguro:newGitTest 123seguro$ 